<html>
<body>
<pre>
<h1>µVision Build Log</h1>
<h2>Tool Versions:</h2>
IDE-Version: ¦ÌVision V5.12.0.0
Copyright (C) 2014 ARM Ltd and ARM Germany GmbH. All rights reserved.
License Information: 1 1, 1, LIC=PE7DY-ITFYN-KPAZY-IXSZE-MY3S6-3YVQ6
 
Tool Versions:
Toolchain:       MDK-ARM Standard  Version: 5.12.0.0
Toolchain Path:  E:\install_files\keil\ARM\ARMCC\Bin
C Compiler:      Armcc.exe V5.05 (build 41)
Assembler:       Armasm.exe V5.05 (build 41)
Linker/Locator:  ArmLink.exe V5.05 (build 41)
Library Manager: ArmAr.exe V5.05 (build 41)
Hex Converter:   FromElf.exe V5.05 (build 41)
CPU DLL:         SARMCM3.DLL V5.12.0.0
Dialog DLL:      DCM.DLL V1.13.0.0
    Target DLL: Segger\JL2CM3.dll
Dialog DLL:      TCM.DLL V1.14.2.0
 
<h2>Project:</h2>
Z:\software\Git\Project\LedsBoard\CODE\Project\STM32F103ZET.uvprojx
Project File Date:  06/14/2021

<h2>Output:</h2>
Rebuild target 'Target 1'
compiling led.c...
compiling main.c...
compiling core_cm3.c...
compiling stm32f10x_gpio.c...
compiling stm32f10x_it.c...
compiling stm32f10x_rcc.c...
compiling stm32f10x_tim.c...
compiling stm32f10x_usart.c...
compiling system_stm32f10x.c...
assembling startup_stm32f10x_hd.s...
assembling startup_stm32f10x_hd.lst...
..\Listings\startup_stm32f10x_hd.lst(1): warning: A1313W: Missing END directive at end of file
assembling STM32F103ZET.map...
..\Listings\STM32F103ZET.map(1): warning: A1313W: Missing END directive at end of file
linking...
Program Size: Code=6552 RO-data=336 RW-data=40 ZI-data=1632  
FromELF: creating hex file...
"..\Objects\STM32F103ZET.axf" - 0 Error(s), 2 Warning(s).

<h2>Collection of Component include folders:</h2>
  Z:\software\Git\Project\LedsBoard\CODE\Project\RTE
  E:\install_files\keil\ARM\PACK\Keil\STM32F1xx_DFP\1.0.2\Device\Include

<h2>Collection of Component Files used:</h2>
:\install_files\keil\ARM\PACK\Keil\STM32F1xx_DFP\1.0.2\Device\Include

<h2>Collection of Component Files used:</h2>
Target not created.

